1710000001000,STU1001,LOGIN,LMS Portal Web,SUCCESS
1710000002000,STU1004,VIEW_LECTURE,CS301 Week 4 Video,DURATION_45MIN
1710000003000,STU1002,SUBMIT_ASSIGNMENT,CS201 Assignment 1,SUCCESS
1710000004000,STU1005,LIBRARY_BORROW,CLRS Introduction to Algorithms,DUE_14DAYS
1710000005000,STU1008,FORUM_POST,DS301 Pipeline Optimization Question,THREAD_482
1710000006000,STU1012,LOGIN,Mobile App Android,SUCCESS
1710000007000,STU1003,VIEW_SYLLABUS,DS201 Syllabus PDF,DOWNLOADED
1710000008000,STU1006,EXAM_REGISTRATION,CY101 Midterm Slot 1,CONFIRMED
1710000009000,STU1010,SUBMIT_ASSIGNMENT,AI301 Neural Network Code,SUCCESS
1710000010000,STU1015,LOGIN,Campus WiFi 5GHz,SUCCESS
1710000011000,STU1016,LAB_CHECKIN,Turing Lab Workstation 12,LOGIN
1710000012000,STU1001,FORUM_REPLY,CS201 Clarification on Recurrence,THREAD_480
1710000013000,STU1018,VIEW_GRADES,SE201 Quiz 2,SCORE_95
1710000014000,STU1020,SUBMIT_ASSIGNMENT,MATH401 Optimization Lab,SUCCESS
1710000015000,STU1007,LIBRARY_RETURN,Digital Logic Fundamentals,RETURNED
1710000016000,STU1011,LOGIN,LMS Portal Web,SUCCESS
1710000017000,STU1014,VIEW_LECTURE,DS201 Hypothesis Testing,DURATION_55MIN
1710000018000,STU1009,ATTENDANCE_PING,Lecture Hall B Bluetooth Beacon,VERIFIED
1710000019000,STU1017,SECURITY_ALERT,CY101 Port Scan Simulation,FLAGGED_TEST
1710000020000,STU1013,LAB_CHECKOUT,Turing Lab Workstation 12,LOGOUT
1710000021000,STU1004,SUBMIT_ASSIGNMENT,CS301 Assignment 2,SUCCESS
1710000022000,STU1002,FORUM_POST,CS201 Red-Black Tree Rotation,THREAD_510
1710000023000,STU1008,LOGIN,Library Terminal,SUCCESS
1710000024000,STU1019,ATTENDANCE_PING,Electronics Lab Beacon,VERIFIED
1710000025000,STU1001,VIEW_LECTURE,MATH201 Eigenvalues and Vectors,DURATION_60MIN
1710000026000,STU1005,SUBMIT_ASSIGNMENT,CS201 Plagiarism Case Investigation,FLAGGED
1710000027000,STU1010,LIBRARY_BORROW,Deep Learning Goodfellow,DUE_14DAYS
1710000028000,STU1012,FORUM_REPLY,MATH301 Eulerian Circuit Proof,THREAD_522
1710000029000,STU1006,LOGIN,Mobile App iOS,SUCCESS
1710000030000,STU1016,SUBMIT_ASSIGNMENT,AI401 Transformer Attention Mechanism,SUCCESS
